
> vnweb@0.1.0 test
> vitest


[1m[44m DEV [49m[22m [34mv4.0.18 [39m[90mD:/Program/Code/Project/vnweb[39m
      [2mCoverage enabled with [22m[33mv8[39m

 [32m鉁?[39m [30m[43m node [49m[39m test/api/db/sgdb/route.test.ts [2m([22m[2m6 tests[22m[2m)[22m[32m 68[2mms[22m[39m
stderr | test/api/db/sgdb/route.test.ts > app/api/db/sgdb route > POST returns 500 when SGDB search throws
SGDB search failed: Error: search failed
    at D:/Program/Code/Project/vnweb/test/api/db/sgdb/route.test.ts:87:13
    at file:///D:/Program/Code/Project/vnweb/node_modules/@vitest/runner/dist/index.js:145:11
    at file:///D:/Program/Code/Project/vnweb/node_modules/@vitest/runner/dist/index.js:915:26
    at file:///D:/Program/Code/Project/vnweb/node_modules/@vitest/runner/dist/index.js:1243:20
    at new Promise (<anonymous>)
    at runWithTimeout (file:///D:/Program/Code/Project/vnweb/node_modules/@vitest/runner/dist/index.js:1209:10)
    at file:///D:/Program/Code/Project/vnweb/node_modules/@vitest/runner/dist/index.js:1653:37
    at Traces.$ (file:///D:/Program/Code/Project/vnweb/node_modules/vitest/dist/chunks/traces.CCmnQaNT.js:142:27)
    at trace (file:///D:/Program/Code/Project/vnweb/node_modules/vitest/dist/chunks/test.B8ej_ZHS.js:239:21)
    at runTest (file:///D:/Program/Code/Project/vnweb/node_modules/@vitest/runner/dist/index.js:1653:12)

stderr | test/api/db/sgdb/route.test.ts > app/api/db/sgdb route > GET returns 500 when SGDB detail query throws
SGDB get game by id failed: Error: detail failed
    at D:/Program/Code/Project/vnweb/test/api/db/sgdb/route.test.ts:131:13
    at file:///D:/Program/Code/Project/vnweb/node_modules/@vitest/runner/dist/index.js:145:11
    at file:///D:/Program/Code/Project/vnweb/node_modules/@vitest/runner/dist/index.js:915:26
    at file:///D:/Program/Code/Project/vnweb/node_modules/@vitest/runner/dist/index.js:1243:20
    at new Promise (<anonymous>)
    at runWithTimeout (file:///D:/Program/Code/Project/vnweb/node_modules/@vitest/runner/dist/index.js:1209:10)
    at file:///D:/Program/Code/Project/vnweb/node_modules/@vitest/runner/dist/index.js:1653:37
    at Traces.$ (file:///D:/Program/Code/Project/vnweb/node_modules/vitest/dist/chunks/traces.CCmnQaNT.js:142:27)
    at trace (file:///D:/Program/Code/Project/vnweb/node_modules/vitest/dist/chunks/test.B8ej_ZHS.js:239:21)
    at runTest (file:///D:/Program/Code/Project/vnweb/node_modules/@vitest/runner/dist/index.js:1653:12)

stderr | test/api/scan/scanner/route.test.ts > app/api/scan/scanner route > GET returns 500 when query fails
Get scanners failed: Error: select failed
    at D:/Program/Code/Project/vnweb/test/api/scan/scanner/route.test.ts:92:38
    at file:///D:/Program/Code/Project/vnweb/node_modules/@vitest/runner/dist/index.js:145:11
    at file:///D:/Program/Code/Project/vnweb/node_modules/@vitest/runner/dist/index.js:915:26
    at file:///D:/Program/Code/Project/vnweb/node_modules/@vitest/runner/dist/index.js:1243:20
    at new Promise (<anonymous>)
    at runWithTimeout (file:///D:/Program/Code/Project/vnweb/node_modules/@vitest/runner/dist/index.js:1209:10)
    at file:///D:/Program/Code/Project/vnweb/node_modules/@vitest/runner/dist/index.js:1653:37
    at Traces.$ (file:///D:/Program/Code/Project/vnweb/node_modules/vitest/dist/chunks/traces.CCmnQaNT.js:142:27)
    at trace (file:///D:/Program/Code/Project/vnweb/node_modules/vitest/dist/chunks/test.B8ej_ZHS.js:239:21)
    at runTest (file:///D:/Program/Code/Project/vnweb/node_modules/@vitest/runner/dist/index.js:1653:12)

stderr | test/api/collection/route.test.ts > app/api/collection route > GET returns 500 when select fails
Get collections failed: Error: select failed
    at D:/Program/Code/Project/vnweb/test/api/collection/route.test.ts:204:38
    at file:///D:/Program/Code/Project/vnweb/node_modules/@vitest/runner/dist/index.js:145:11
    at file:///D:/Program/Code/Project/vnweb/node_modules/@vitest/runner/dist/index.js:915:26
    at file:///D:/Program/Code/Project/vnweb/node_modules/@vitest/runner/dist/index.js:1243:20
    at new Promise (<anonymous>)
    at runWithTimeout (file:///D:/Program/Code/Project/vnweb/node_modules/@vitest/runner/dist/index.js:1209:10)
    at file:///D:/Program/Code/Project/vnweb/node_modules/@vitest/runner/dist/index.js:1653:37
    at Traces.$ (file:///D:/Program/Code/Project/vnweb/node_modules/vitest/dist/chunks/traces.CCmnQaNT.js:142:27)
    at trace (file:///D:/Program/Code/Project/vnweb/node_modules/vitest/dist/chunks/test.B8ej_ZHS.js:239:21)
    at runTest (file:///D:/Program/Code/Project/vnweb/node_modules/@vitest/runner/dist/index.js:1653:12)

stderr | test/api/scan/scanner/[id]/route.test.ts > app/api/scan/scanner/[id] route > PATCH returns 500 when update fails
Update scanner failed: Error: update failed
    at Object.<anonymous> (D:/Program/Code/Project/vnweb/test/api/scan/scanner/[id]/route.test.ts:38:23)
    at Object.Mock [as set] (file:///D:/Program/Code/Project/vnweb/node_modules/@vitest/spy/dist/index.js:285:34)
    at Module.updateScanner (D:/Program/Code/Project/vnweb/app/api/scan/scanner/[id]/route.ts:66:8)
    at processTicksAndRejections (node:internal/process/task_queues:105:5)
    at D:/Program/Code/Project/vnweb/test/api/scan/scanner/[id]/route.test.ts:176:26
    at file:///D:/Program/Code/Project/vnweb/node_modules/@vitest/runner/dist/index.js:915:20

stderr | test/api/scan/scanner/[id]/route.test.ts > app/api/scan/scanner/[id] route > DELETE returns 500 when delete fails
Delete scanner failed: Error: delete failed
    at Object.<anonymous> (D:/Program/Code/Project/vnweb/test/api/scan/scanner/[id]/route.test.ts:53:23)
    at Object.Mock [as where] (file:///D:/Program/Code/Project/vnweb/node_modules/@vitest/spy/dist/index.js:285:34)
    at Module.deleteScanner (D:/Program/Code/Project/vnweb/app/api/scan/scanner/[id]/route.ts:109:35)
    at processTicksAndRejections (node:internal/process/task_queues:105:5)
    at D:/Program/Code/Project/vnweb/test/api/scan/scanner/[id]/route.test.ts:211:26
    at file:///D:/Program/Code/Project/vnweb/node_modules/@vitest/runner/dist/index.js:915:20

stderr | test/api/scan/scanner/route.test.ts > app/api/scan/scanner route > POST returns 500 when insert throws
Create scanner failed: Error: insert failed
    at Object.<anonymous> (D:/Program/Code/Project/vnweb/test/api/scan/scanner/route.test.ts:39:23)
    at Object.Mock [as values] (file:///D:/Program/Code/Project/vnweb/node_modules/@vitest/spy/dist/index.js:285:34)
    at Module.createScanner (D:/Program/Code/Project/vnweb/app/api/scan/scanner/route.ts:87:8)
    at processTicksAndRejections (node:internal/process/task_queues:105:5)
    at D:/Program/Code/Project/vnweb/test/api/scan/scanner/route.test.ts:208:26
    at file:///D:/Program/Code/Project/vnweb/node_modules/@vitest/runner/dist/index.js:915:20

stderr | test/api/collection/route.test.ts > app/api/collection route > POST returns 500 when insert fails
Create collection failed: Error: insert failed
    at Object.<anonymous> (D:/Program/Code/Project/vnweb/test/api/collection/route.test.ts:47:27)
    at Object.Mock [as values] (file:///D:/Program/Code/Project/vnweb/node_modules/@vitest/spy/dist/index.js:285:34)
    at Module.createCollection (D:/Program/Code/Project/vnweb/app/api/collection/route.ts:140:8)
    at processTicksAndRejections (node:internal/process/task_queues:105:5)
    at D:/Program/Code/Project/vnweb/test/api/collection/route.test.ts:259:26
    at file:///D:/Program/Code/Project/vnweb/node_modules/@vitest/runner/dist/index.js:915:20

stderr | test/api/collection/[id]/game/route.test.ts > app/api/collection/[id]/game route > PATCH returns 500 when delete throws
Move game to other collection failed: Error: delete failed
    at Object.<anonymous> (D:/Program/Code/Project/vnweb/test/api/collection/[id]/game/route.test.ts:63:23)
    at Object.Mock [as where] (file:///D:/Program/Code/Project/vnweb/node_modules/@vitest/spy/dist/index.js:285:34)
    at Module.moveGameToOtherCollection (D:/Program/Code/Project/vnweb/app/api/collection/[id]/game/route.ts:175:8)
    at processTicksAndRejections (node:internal/process/task_queues:105:5)
    at D:/Program/Code/Project/vnweb/test/api/collection/[id]/game/route.test.ts:340:26
    at file:///D:/Program/Code/Project/vnweb/node_modules/@vitest/runner/dist/index.js:915:20

stderr | test/api/db/vndb/character/[id]/route.test.ts > app/api/db/vndb/character/[id] route > PATCH returns 500 when update throws
Character update failed: Error: update failed
    at Object.<anonymous> (D:/Program/Code/Project/vnweb/test/api/db/vndb/character/[id]/route.test.ts:37:23)
    at Object.Mock [as set] (file:///D:/Program/Code/Project/vnweb/node_modules/@vitest/spy/dist/index.js:285:34)
    at Module.patchCharacterById (D:/Program/Code/Project/vnweb/app/api/db/vndb/character/[id]/route.ts:263:8)
    at processTicksAndRejections (node:internal/process/task_queues:105:5)
    at D:/Program/Code/Project/vnweb/test/api/db/vndb/character/[id]/route.test.ts:308:26
    at file:///D:/Program/Code/Project/vnweb/node_modules/@vitest/runner/dist/index.js:915:20

stderr | test/api/collection/[id]/game/route.test.ts > PATCH moves game and updates both collections
Move game to other collection failed: Error: delete failed
    at Object.<anonymous> (D:/Program/Code/Project/vnweb/test/api/collection/[id]/game/route.test.ts:63:23)
    at Object.Mock [as where] (file:///D:/Program/Code/Project/vnweb/node_modules/@vitest/spy/dist/index.js:285:34)
    at Module.moveGameToOtherCollection (D:/Program/Code/Project/vnweb/app/api/collection/[id]/game/route.ts:175:8)
    at processTicksAndRejections (node:internal/process/task_queues:105:5)
    at D:/Program/Code/Project/vnweb/test/api/collection/[id]/game/route.test.ts:370:26
    at file:///D:/Program/Code/Project/vnweb/node_modules/@vitest/runner/dist/index.js:915:20

stderr | test/api/collection/[id]/game/route.test.ts > PATCH returns 500 when delete throws
Move game to other collection failed: Error: delete failed
    at Object.<anonymous> (D:/Program/Code/Project/vnweb/test/api/collection/[id]/game/route.test.ts:63:23)
    at Object.Mock [as where] (file:///D:/Program/Code/Project/vnweb/node_modules/@vitest/spy/dist/index.js:285:34)
    at Module.moveGameToOtherCollection (D:/Program/Code/Project/vnweb/app/api/collection/[id]/game/route.ts:175:8)
    at processTicksAndRejections (node:internal/process/task_queues:105:5)
    at D:/Program/Code/Project/vnweb/test/api/collection/[id]/game/route.test.ts:423:26
    at file:///D:/Program/Code/Project/vnweb/node_modules/@vitest/runner/dist/index.js:915:20

stderr | test/api/scan/scanner/[id]/start/route.test.ts > app/api/scan/scanner/[id]/start POST > returns 500 when directory access fails
Start scanner failed: Error: ENOENT
    at D:/Program/Code/Project/vnweb/test/api/scan/scanner/[id]/start/route.test.ts:196:47
    at file:///D:/Program/Code/Project/vnweb/node_modules/@vitest/runner/dist/index.js:145:11
    at file:///D:/Program/Code/Project/vnweb/node_modules/@vitest/runner/dist/index.js:915:26
    at file:///D:/Program/Code/Project/vnweb/node_modules/@vitest/runner/dist/index.js:1243:20
    at new Promise (<anonymous>)
    at runWithTimeout (file:///D:/Program/Code/Project/vnweb/node_modules/@vitest/runner/dist/index.js:1209:10)
    at file:///D:/Program/Code/Project/vnweb/node_modules/@vitest/runner/dist/index.js:1653:37
    at Traces.$ (file:///D:/Program/Code/Project/vnweb/node_modules/vitest/dist/chunks/traces.CCmnQaNT.js:142:27)
    at trace (file:///D:/Program/Code/Project/vnweb/node_modules/vitest/dist/chunks/test.B8ej_ZHS.js:239:21)
    at runTest (file:///D:/Program/Code/Project/vnweb/node_modules/@vitest/runner/dist/index.js:1653:12)

 [32m鉁?[39m [30m[43m node [49m[39m test/api/collection/route.test.ts [2m([22m[2m8 tests[22m[2m)[22m[32m 83[2mms[22m[39m
 [32m鉁?[39m [30m[43m node [49m[39m test/api/scan/scanner/[id]/route.test.ts [2m([22m[2m8 tests[22m[2m)[22m[32m 47[2mms[22m[39m
 [32m鉁?[39m [30m[43m node [49m[39m test/api/db/vndb/character/[id]/route.test.ts [2m([22m[2m10 tests[22m[2m)[22m[32m 63[2mms[22m[39m
 [31m鉂?[39m [30m[43m node [49m[39m test/api/collection/[id]/game/route.test.ts [2m([22m[2m16 tests[22m[2m | [22m[31m2 failed[39m[2m)[22m[32m 59[2mms[22m[39m
     [32m鉁?[39m POST returns 400 for invalid collection id[32m 2[2mms[22m[39m
     [32m鉁?[39m POST returns 400 for invalid game id[32m 23[2mms[22m[39m
     [32m鉁?[39m POST returns 404 when collection does not exist[32m 1[2mms[22m[39m
     [32m鉁?[39m POST returns 404 when game does not exist[32m 1[2mms[22m[39m
     [32m鉁?[39m POST inserts relation when not exists and updates collection[32m 2[2mms[22m[39m
     [32m鉁?[39m POST skips insert when relation already exists[32m 1[2mms[22m[39m
     [32m鉁?[39m DELETE removes relation and updates collection[32m 1[2mms[22m[39m
     [32m鉁?[39m DELETE returns 400 for invalid game id[32m 0[2mms[22m[39m
     [32m鉁?[39m PATCH returns 400 when source and target are same[32m 0[2mms[22m[39m
     [32m鉁?[39m PATCH returns 404 when target collection does not exist[32m 1[2mms[22m[39m
     [32m鉁?[39m PATCH moves game and updates both collections[32m 1[2mms[22m[39m
     [32m鉁?[39m PATCH skips insert when game already exists in target[32m 1[2mms[22m[39m
     [32m鉁?[39m PATCH returns 500 when delete throws[32m 7[2mms[22m[39m
[31m   [31m脳[31m PATCH moves game and updates both collections[39m[32m 7[2mms[22m[39m
[31m   [31m脳[31m PATCH skips insert when game already exists in target[39m[32m 8[2mms[22m[39m
   [32m鉁?[39m PATCH returns 500 when delete throws[32m 1[2mms[22m[39m
 [32m鉁?[39m [30m[43m node [49m[39m test/api/scan/scanner/route.test.ts [2m([22m[2m7 tests[22m[2m)[22m[32m 48[2mms[22m[39m
 [32m鉁?[39m [30m[43m node [49m[39m test/api/scan/scanner/[id]/start/route.test.ts [2m([22m[2m7 tests[22m[2m)[22m[32m 30[2mms[22m[39m
stderr | test/api/game/route.test.ts > app/api/game POST > returns 500 when database insert fails
Create game failed: Error: db insert failed
    at Object.<anonymous> (D:/Program/Code/Project/vnweb/test/api/game/route.test.ts:41:19)
    at Object.Mock [as insert] (file:///D:/Program/Code/Project/vnweb/node_modules/@vitest/spy/dist/index.js:285:34)
    at Module.createGame (D:/Program/Code/Project/vnweb/app/api/game/route.ts:135:8)
    at processTicksAndRejections (node:internal/process/task_queues:105:5)
    at D:/Program/Code/Project/vnweb/test/api/game/route.test.ts:248:26
    at file:///D:/Program/Code/Project/vnweb/node_modules/@vitest/runner/dist/index.js:915:20

 [32m鉁?[39m [30m[43m node [49m[39m test/api/game/route.test.ts [2m([22m[2m4 tests[22m[2m)[22m[32m 135[2mms[22m[39m
 [32m鉁?[39m [30m[43m node [49m[39m vitest-example/example.test.ts [2m([22m[2m1 test[22m[2m)[22m[32m 4[2mms[22m[39m
 [32m鉁?[39m [30m[43m node [49m[39m test/api/db/vndb/route.test.ts [2m([22m[2m5 tests[22m[2m)[22m[32m 83[2mms[22m[39m
stderr | test/api/scan/error/route.test.ts > app/api/scan/error GET > returns 500 when select fails
Get scan errors failed: Error: db failed
    at D:/Program/Code/Project/vnweb/test/api/scan/error/route.test.ts:64:38
    at file:///D:/Program/Code/Project/vnweb/node_modules/@vitest/runner/dist/index.js:145:11
    at file:///D:/Program/Code/Project/vnweb/node_modules/@vitest/runner/dist/index.js:915:26
    at file:///D:/Program/Code/Project/vnweb/node_modules/@vitest/runner/dist/index.js:1243:20
    at new Promise (<anonymous>)
    at runWithTimeout (file:///D:/Program/Code/Project/vnweb/node_modules/@vitest/runner/dist/index.js:1209:10)
    at file:///D:/Program/Code/Project/vnweb/node_modules/@vitest/runner/dist/index.js:1653:37
    at Traces.$ (file:///D:/Program/Code/Project/vnweb/node_modules/vitest/dist/chunks/traces.CCmnQaNT.js:142:27)
    at trace (file:///D:/Program/Code/Project/vnweb/node_modules/vitest/dist/chunks/test.B8ej_ZHS.js:239:21)
    at runTest (file:///D:/Program/Code/Project/vnweb/node_modules/@vitest/runner/dist/index.js:1653:12)

stderr | test/api/db/vndb/characters/route.test.ts > app/api/db/vndb/characters route > GET returns 500 when select throws
VNDB characters fetch failed: Error: select failed
    at D:/Program/Code/Project/vnweb/test/api/db/vndb/characters/route.test.ts:168:39
    at file:///D:/Program/Code/Project/vnweb/node_modules/@vitest/runner/dist/index.js:145:11
    at file:///D:/Program/Code/Project/vnweb/node_modules/@vitest/runner/dist/index.js:915:26
    at file:///D:/Program/Code/Project/vnweb/node_modules/@vitest/runner/dist/index.js:1243:20
    at new Promise (<anonymous>)
    at runWithTimeout (file:///D:/Program/Code/Project/vnweb/node_modules/@vitest/runner/dist/index.js:1209:10)
    at file:///D:/Program/Code/Project/vnweb/node_modules/@vitest/runner/dist/index.js:1653:37
    at Traces.$ (file:///D:/Program/Code/Project/vnweb/node_modules/vitest/dist/chunks/traces.CCmnQaNT.js:142:27)
    at trace (file:///D:/Program/Code/Project/vnweb/node_modules/vitest/dist/chunks/test.B8ej_ZHS.js:239:21)
    at runTest (file:///D:/Program/Code/Project/vnweb/node_modules/@vitest/runner/dist/index.js:1653:12)

 [32m鉁?[39m [30m[43m node [49m[39m test/api/scan/error/route.test.ts [2m([22m[2m2 tests[22m[2m)[22m[32m 109[2mms[22m[39m
stderr | test/api/db/vndb/characters/route.test.ts > app/api/db/vndb/characters route > POST returns 500 when sync throws
VNDB characters sync failed: Error: sync failed
    at D:/Program/Code/Project/vnweb/test/api/db/vndb/characters/route.test.ts:219:13
    at file:///D:/Program/Code/Project/vnweb/node_modules/@vitest/runner/dist/index.js:145:11
    at file:///D:/Program/Code/Project/vnweb/node_modules/@vitest/runner/dist/index.js:915:26
    at file:///D:/Program/Code/Project/vnweb/node_modules/@vitest/runner/dist/index.js:1243:20
    at new Promise (<anonymous>)
    at runWithTimeout (file:///D:/Program/Code/Project/vnweb/node_modules/@vitest/runner/dist/index.js:1209:10)
    at file:///D:/Program/Code/Project/vnweb/node_modules/@vitest/runner/dist/index.js:1653:37
    at Traces.$ (file:///D:/Program/Code/Project/vnweb/node_modules/vitest/dist/chunks/traces.CCmnQaNT.js:142:27)
    at trace (file:///D:/Program/Code/Project/vnweb/node_modules/vitest/dist/chunks/test.B8ej_ZHS.js:239:21)
    at runTest (file:///D:/Program/Code/Project/vnweb/node_modules/@vitest/runner/dist/index.js:1653:12)

stderr | test/api/db/vndb/characters/route.test.ts > app/api/db/vndb/characters route > DELETE returns 500 when delete fails
Character clear failed: Error: delete failed
    at Object.<anonymous> (D:/Program/Code/Project/vnweb/test/api/db/vndb/characters/route.test.ts:51:23)
    at Object.Mock [as where] (file:///D:/Program/Code/Project/vnweb/node_modules/@vitest/spy/dist/index.js:285:34)
    at Module.clearCharactersByGameId (D:/Program/Code/Project/vnweb/app/api/db/vndb/characters/route.ts:154:37)
    at D:/Program/Code/Project/vnweb/test/api/db/vndb/characters/route.test.ts:258:32
    at file:///D:/Program/Code/Project/vnweb/node_modules/@vitest/runner/dist/index.js:145:11
    at file:///D:/Program/Code/Project/vnweb/node_modules/@vitest/runner/dist/index.js:915:26
    at file:///D:/Program/Code/Project/vnweb/node_modules/@vitest/runner/dist/index.js:1243:20
    at new Promise (<anonymous>)
    at runWithTimeout (file:///D:/Program/Code/Project/vnweb/node_modules/@vitest/runner/dist/index.js:1209:10)
    at file:///D:/Program/Code/Project/vnweb/node_modules/@vitest/runner/dist/index.js:1653:37

 [32m鉁?[39m [30m[43m node [49m[39m test/api/db/vndb/characters/route.test.ts [2m([22m[2m9 tests[22m[2m)[22m[32m 33[2mms[22m[39m
[90mstdout[2m | test/api/db/bgm/route.test.ts[2m > [22m[2mapp/api/db/bgm route[2m > [22m[2mPOST forwards form data and pagination params
[22m[39mformData {"keyword":"clannad"}

[90mstdout[2m | test/api/db/bgm/route.test.ts[2m > [22m[2mapp/api/db/bgm route[2m > [22m[2mGET returns 400 when id is missing
[22m[39mid [1mnull[22m

[90mstdout[2m | test/api/db/bgm/route.test.ts[2m > [22m[2mapp/api/db/bgm route[2m > [22m[2mGET returns 400 when id is invalid
[22m[39mid abc

[90mstdout[2m | test/api/db/bgm/route.test.ts[2m > [22m[2mapp/api/db/bgm route[2m > [22m[2mGET returns subject when first request succeeds
[22m[39mid 777

[90mstdout[2m | test/api/db/bgm/route.test.ts[2m > [22m[2mapp/api/db/bgm route[2m > [22m[2mGET retries with bound bangumi token on 401 error
[22m[39mid 12

[90mstdout[2m | test/api/db/bgm/route.test.ts[2m > [22m[2mapp/api/db/bgm route[2m > [22m[2mGET throws when fallback account token is unavailable
[22m[39mid 9

 [32m鉁?[39m [30m[43m node [49m[39m test/api/db/bgm/route.test.ts [2m([22m[2m6 tests[22m[2m)[22m[32m 26[2mms[22m[39m
 [32m鉁?[39m [30m[46m browser (edge) [49m[39m vitest-example/HelloWorld.test.tsx [2m([22m[2m1 test[22m[2m)[22m[33m 1250[2mms[22m[39m
   [33m[2m鉁?[22m[39m renders name [33m 1140[2mms[22m[39m
 [2m[90m鈫?[39m[22m [30m[46m browser (edge) [49m[39m test/app/scan/page.test.tsx [2m([22m[2m1 test[22m[2m | [22m[33m1 skipped[39m[2m)[22m

鈳幆鈳幆鈳幆鈳?[39m Failed Tests 2 鈳幆鈳幆鈳幆鈳?[39m

 FAIL   node  test/api/collection/[id]/game/route.test.ts > PATCH moves game and updates both collections
AssertionError: expected 500 to be 200 // Object.is equality

- Expected
+ Received

- 200
+ 500

 鉂?[22m test/api/collection/[id]/game/route.test.ts:377:33
    375| 
    376|         // Step 3: 鏍￠獙杩斿洖缁撴瀯銆?[39m
    377|         expect(response.status).toBe(200);
       |                                 ^
    378|         expect(body).toEqual({
    379|             data: {

鈳幆鈳幆鈳幆鈳幆鈳幆鈳幆鈳幆鈳幆鈳幆鈳幆鈳幆鈳幆[1/2]鈳?[22m

 FAIL   node  test/api/collection/[id]/game/route.test.ts > PATCH skips insert when game already exists in target
AssertionError: expected 404 to be 200 // Object.is equality

- Expected
+ Received

- 200
+ 404


[2m Test Files [22m [1m[31m1 failed[39m[22m[2m | [22m[1m[32m13 passed[39m[22m[2m | [22m[33m1 skipped[39m[90m (15)[39m
[2m      Tests [22m [1m[31m2 failed[39m[22m[2m | [22m[1m[32m88 passed[39m[22m[2m | [22m[33m1 skipped[39m[90m (91)[39m
[2m   Start at [22m 09:44:41
 鉂?[22m test/api/collection/[id]/game/route.test.ts:413:33
    411| 
    412|         // Step 2: 绉诲姩浠嶆垚鍔燂紝浣嗚烦杩囬噸澶嶆彃鍏ャ€?[39m
    413|         expect(response.status).toBe(200);
       |                                 ^
    414|         expect(body.data.moved).toBe(true);
    415|         expect(mocks.db.insert).not.toHaveBeenCalled();

鈳幆鈳幆鈳幆鈳幆鈳幆鈳幆鈳幆鈳幆鈳幆鈳幆鈳幆鈳幆[2/2]鈳?[22m

[2m   Duration [22m 136.04s[2m (transform 40.14s, setup 0ms, import 135.75s, tests 2.04s, environment 3ms)[22m

[1m[41m FAIL [49m[22m [31mTests failed. Watching for file changes...[39m
       [2mpress [22m[1mh[22m[2m to show help[22m[2m, [22m[2mpress [22m[1mq[22m[2m to quit[22m
